// Jest Snapshot v1, https://goo.gl/fbAQLP

exports[`should render add expense page correctly 1`] = `
<div>
  <div
    className="page-summary"
  >
    <div
      className="container"
    >
      <h2>
        Add Expense
      </h2>
    </div>
  </div>
  <ExpenseForm
    onSubmit={[Function]}
  />
</div>
`;
