// Jest Snapshot v1, https://goo.gl/fbAQLP

exports[`should render add expense page correctly 1`] = `
<div>
  <h2>
    Edit Expense
  </h2>
  <ExpenseForm
    expense={
      Object {
        "amount": 100,
        "createdAt": 0,
        "description": "Some Coffee Bill",
        "id": "1",
        "note": "",
      }
    }
    onSubmit={[Function]}
    submitBtnName="Update Expense"
  />
  <button
    onClick={[Function]}
  >
    Delete
  </button>
</div>
`;
