// Jest Snapshot v1, https://goo.gl/fbAQLP

exports[`should render ExpenseList with EMPTY expenses 1`] = `
<div>
  <h1>
    Expense list
  </h1>
  <p>
    No Expense
  </p>
</div>
`;

exports[`should render ExpenseList with expenses 1`] = `
<div>
  <h1>
    Expense list
  </h1>
  <ExpenseListItem
    amount={100}
    createdAt={0}
    description="Some Coffee Bill"
    id="1"
    key="1"
    note=""
  />
  <ExpenseListItem
    amount={2000}
    createdAt={-864000000}
    description="Some Tea Bill"
    id="2"
    key="2"
    note=""
  />
  <ExpenseListItem
    amount={500}
    createdAt={864000000}
    description="Light Bill"
    id="3"
    key="3"
    note=""
  />
</div>
`;
