// Jest Snapshot v1, https://goo.gl/fbAQLP

exports[`should render Login Page correctly 1`] = `
<div
  className="box-layout"
>
  <div
    className="box-layout__box"
  >
    <h1
      className="box-layout__title"
    >
      Expensify
    </h1>
    <p
      className="box-layout__subtitle"
    >
      Control your expenses
    </p>
    <button
      className="btn btn__animate "
      onClick={[MockFunction]}
    >
      Login with Google
    </button>
  </div>
</div>
`;
